../hal_stm_lvgl/stm32f429i_discovery.c:166:10:BSP_GetVersion	4	static
../hal_stm_lvgl/stm32f429i_discovery.c:178:6:BSP_LED_Init	48	static
../hal_stm_lvgl/stm32f429i_discovery.c:203:6:BSP_LED_On	16	static
../hal_stm_lvgl/stm32f429i_discovery.c:215:6:BSP_LED_Off	16	static
../hal_stm_lvgl/stm32f429i_discovery.c:227:6:BSP_LED_Toggle	16	static
../hal_stm_lvgl/stm32f429i_discovery.c:242:6:BSP_PB_Init	40	static
../hal_stm_lvgl/stm32f429i_discovery.c:279:10:BSP_PB_GetState	16	static
../hal_stm_lvgl/stm32f429i_discovery.c:294:13:I2Cx_MspInit	48	static
../hal_stm_lvgl/stm32f429i_discovery.c:408:13:I2Cx_Init	8	static
../hal_stm_lvgl/stm32f429i_discovery.c:431:13:I2Cx_ITConfig	32	static
../hal_stm_lvgl/stm32f429i_discovery.c:455:13:I2Cx_WriteData	40	static
../hal_stm_lvgl/stm32f429i_discovery.c:476:13:I2Cx_WriteBuffer	40	static
../hal_stm_lvgl/stm32f429i_discovery.c:496:16:I2Cx_ReadData	40	static
../hal_stm_lvgl/stm32f429i_discovery.c:521:16:I2Cx_ReadBuffer	40	static
../hal_stm_lvgl/stm32f429i_discovery.c:606:13:I2Cx_Error	8	static
../hal_stm_lvgl/stm32f429i_discovery.c:620:13:SPIx_Init	8	static
../hal_stm_lvgl/stm32f429i_discovery.c:659:7:SPIx_Read	24	static
../hal_stm_lvgl/stm32f429i_discovery.c:678:7:SPIx_Write	24	static
../hal_stm_lvgl/stm32f429i_discovery.c:695:13:SPIx_Error	8	static
../hal_stm_lvgl/stm32f429i_discovery.c:708:13:SPIx_MspInit	48	static
../hal_stm_lvgl/stm32f429i_discovery.c:732:6:LCD_IO_Init	40	static
../hal_stm_lvgl/stm32f429i_discovery.c:776:6:LCD_IO_WriteData	16	static
../hal_stm_lvgl/stm32f429i_discovery.c:792:6:LCD_IO_WriteReg	16	static
../hal_stm_lvgl/stm32f429i_discovery.c:811:10:LCD_IO_ReadData	24	static
../hal_stm_lvgl/stm32f429i_discovery.c:840:6:LCD_Delay	16	static
../hal_stm_lvgl/stm32f429i_discovery.c:854:6:IOE_Init	8	static
../hal_stm_lvgl/stm32f429i_discovery.c:862:6:IOE_ITConfig	8	static
../hal_stm_lvgl/stm32f429i_discovery.c:873:6:IOE_Write	16	static
../hal_stm_lvgl/stm32f429i_discovery.c:884:9:IOE_Read	16	static
../hal_stm_lvgl/stm32f429i_discovery.c:896:6:IOE_WriteMultiple	16	static
../hal_stm_lvgl/stm32f429i_discovery.c:909:10:IOE_ReadMultiple	16	static
../hal_stm_lvgl/stm32f429i_discovery.c:918:6:IOE_Delay	16	static
